[C:/My Web Sites/cinémathèque/backblue.gif]
[C:/My Web Sites/cinémathèque/fade.gif]
[C:/My Web Sites/cinémathèque/index.html]
[C:/My Web Sites/cinémathèque/apply.openpeach.com/xmlrpc.php]
[C:/My Web Sites/cinémathèque/apply.openpeach.com/wp-content/themes/responsive/js/responsive-modernizrc141.js]
[C:/My Web Sites/cinémathèque/apply.openpeach.com/xmlrpc0db0.php]
[C:/My Web Sites/cinémathèque/apply.openpeach.com/wp-content/themes/responsive/images/love.png]
[C:/My Web Sites/cinémathèque/apply.openpeach.com/wp-content/themes/responsive/images/featured-image.png]
[C:/My Web Sites/cinémathèque/apply.openpeach.com/wp-content/themes/responsive/icons/twitter-icon.png]
[C:/My Web Sites/cinémathèque/ajax.aspnetcdn.com/ajax/jquery.validate/1.10.0/jquery.validate1bba.js]
[C:/My Web Sites/cinémathèque/apply.openpeach.com/wp-content/themes/responsive/js/responsive-scripts8d1e.js]
[C:/My Web Sites/cinémathèque/apply.openpeach.com/wp-content/themes/responsive/js/responsive-plugins8d1e.js]
[C:/My Web Sites/cinémathèque/apply.openpeach.com/index.html]
[C:/My Web Sites/cinémathèque/apply.openpeach.com/feed/index.html]
[C:/My Web Sites/cinémathèque/apply.openpeach.com/comments/feed/index.html]
[C:/My Web Sites/cinémathèque/apply.openpeach.com/wp-content/plugins/wpgform/gforms1bba.css]
[C:/My Web Sites/cinémathèque/apply.openpeach.com/wp-content/themes/responsive/style2e49.css]
[C:/My Web Sites/cinémathèque/apply.openpeach.com/wp-content/plugins/simple-dropbox-upload-form/css/wpsdb-style2ecf.css]
[C:/My Web Sites/cinémathèque/apply.openpeach.com/current-projects/index.html]
[C:/My Web Sites/cinémathèque/apply.openpeach.com/current-projects/go-inside-to-be-outside/index.html]
[C:/My Web Sites/cinémathèque/apply.openpeach.com/jekyllmovie/index.html]
[C:/My Web Sites/cinémathèque/apply.openpeach.com/application/index.html]
[C:/My Web Sites/cinémathèque/apply.openpeach.com/downloads/index.html]
[C:/My Web Sites/cinémathèque/apply.openpeach.com/downloads/scripts/index.html]
[C:/My Web Sites/cinémathèque/apply.openpeach.com/downloads/using-pdf-files/index.html]
[C:/My Web Sites/cinémathèque/apply.openpeach.com/about/index.html]
[C:/My Web Sites/cinémathèque/ajax.aspnetcdn.com/ajax/jquery.validate/1.10.0/jquery.validate1bba.js]
[C:/My Web Sites/cinémathèque/apply.openpeach.com/jekyllmovie/reset.css]
[C:/My Web Sites/cinémathèque/apply.openpeach.com/jekyllmovie/screen.css]
[C:/My Web Sites/cinémathèque/apply.openpeach.com/using-pdf-files/index.html]
